// Jest Snapshot v1, https://goo.gl/fbAQLP

exports[`TimeInput.vue renders correctly 1`] = `
<div
  class="flex flex-wrap"
>
  <div
    class="w-full md:w-1/3 px-3 mb-6 md:mb-0"
  >
    <label
      class="block uppercase tracking-wide text-grey-darker text-sm font-bold mb-2"
      for="{$guess}-minutes-input"
    >
      Minutes
    </label>
     
    <input
      class="tq-time-input tq-time-input--minutes appearance-none block w-full bg-grey-lighter text-grey-darker border border-red rounded py-3 px-4 mb-3 leading-tight focus:outline-none focus:bg-white"
      id="{$guess}-minutes-input"
      max="60"
      min="0"
      name="minutes"
      step="5"
      type="number"
    />
  </div>
   
  <div
    class="w-full md:w-1/3 px-3 mb-6 md:mb-0"
  >
    <label
      class="block uppercase tracking-wide text-grey-darker text-sm font-bold mb-2"
      for="{$guess}-hours-input"
    >
      Hours
    </label>
     
    <input
      class="tq-time-input tq-time-input--hours appearance-none block w-full bg-grey-lighter text-grey-darker border border-red rounded py-3 px-4 mb-3 leading-tight focus:outline-none focus:bg-white"
      id="{$guess}-hours-input"
      max="25"
      min="0"
      name="hours"
      step="1"
      type="number"
    />
  </div>
   
  <div
    class="w-full md:w-1/3 px-3 mb-6 md:mb-0"
  >
    <label
      class="block uppercase tracking-wide text-grey-darker text-sm font-bold mb-2"
      for="{$guess}-days-input"
    >
      Days
    </label>
     
    <input
      class="tq-time-input tq-time-input--days appearance-none block w-full bg-grey-lighter text-grey-darker border border-red rounded py-3 px-4 mb-3 leading-tight focus:outline-none focus:bg-white"
      id="{$guess}-days-input"
      max="30"
      min="0"
      name="days"
      step="1"
      type="number"
    />
  </div>
</div>
`;
